// Jest Snapshot v1, https://goo.gl/fbAQLP

exports[`main 1`] = `
"/******/ (function(modules) { // webpackBootstrap
/******/ 	// The module cache
/******/ 	var installedModules = {};
/******/
/******/ 	// The require function
/******/ 	function __webpack_require__(moduleId) {
/******/
/******/ 		// Check if module is in cache
/******/ 		if(installedModules[moduleId]) {
/******/ 			return installedModules[moduleId].exports;
/******/ 		}
/******/ 		// Create a new module (and put it into the cache)
/******/ 		var module = installedModules[moduleId] = {
/******/ 			i: moduleId,
/******/ 			l: false,
/******/ 			exports: {}
/******/ 		};
/******/
/******/ 		// Execute the module function
/******/ 		modules[moduleId].call(module.exports, module, module.exports, __webpack_require__);
/******/
/******/ 		// Flag the module as loaded
/******/ 		module.l = true;
/******/
/******/ 		// Return the exports of the module
/******/ 		return module.exports;
/******/ 	}
/******/
/******/
/******/ 	// expose the modules object (__webpack_modules__)
/******/ 	__webpack_require__.m = modules;
/******/
/******/ 	// expose the module cache
/******/ 	__webpack_require__.c = installedModules;
/******/
/******/ 	// define getter function for harmony exports
/******/ 	__webpack_require__.d = function(exports, name, getter) {
/******/ 		if(!__webpack_require__.o(exports, name)) {
/******/ 			Object.defineProperty(exports, name, {
/******/ 				configurable: false,
/******/ 				enumerable: true,
/******/ 				get: getter
/******/ 			});
/******/ 		}
/******/ 	};
/******/
/******/ 	// define __esModule on exports
/******/ 	__webpack_require__.r = function(exports) {
/******/ 		Object.defineProperty(exports, '__esModule', { value: true });
/******/ 	};
/******/
/******/ 	// getDefaultExport function for compatibility with non-harmony modules
/******/ 	__webpack_require__.n = function(module) {
/******/ 		var getter = module && module.__esModule ?
/******/ 			function getDefault() { return module['default']; } :
/******/ 			function getModuleExports() { return module; };
/******/ 		__webpack_require__.d(getter, 'a', getter);
/******/ 		return getter;
/******/ 	};
/******/
/******/ 	// Object.prototype.hasOwnProperty.call
/******/ 	__webpack_require__.o = function(object, property) { return Object.prototype.hasOwnProperty.call(object, property); };
/******/
/******/ 	// __webpack_public_path__
/******/ 	__webpack_require__.p = \\"\\";
/******/
/******/
/******/ 	// Load entry module and return exports
/******/ 	return __webpack_require__(__webpack_require__.s = \\"./test/fixtures/loader-only/index.js\\");
/******/ })
/************************************************************************/
/******/ ({

/***/ \\"./test/fixtures/loader-only/foo.gql\\":
/*!*******************************************!*\\\\
  !*** ./test/fixtures/loader-only/foo.gql ***!
  \\\\*******************************************/
/*! exports provided: allFiles, default */
/***/ (function(module) {

module.exports = {\\"allFiles\\":[]};

/***/ }),

/***/ \\"./test/fixtures/loader-only/index.js\\":
/*!********************************************!*\\\\
  !*** ./test/fixtures/loader-only/index.js ***!
  \\\\********************************************/
/*! no exports provided */
/***/ (function(module, __webpack_exports__, __webpack_require__) {

\\"use strict\\";
__webpack_require__.r(__webpack_exports__);
/* harmony import */ var _foo_gql__WEBPACK_IMPORTED_MODULE_0__ = __webpack_require__(/*! ./foo.gql */ \\"./test/fixtures/loader-only/foo.gql\\");
var _foo_gql__WEBPACK_IMPORTED_MODULE_0___namespace = /*#__PURE__*/Object.assign({}, _foo_gql__WEBPACK_IMPORTED_MODULE_0__, {\\"default\\": _foo_gql__WEBPACK_IMPORTED_MODULE_0__});



/***/ })

/******/ });"
`;

exports[`use schema 1`] = `
"/******/ (function(modules) { // webpackBootstrap
/******/ 	// The module cache
/******/ 	var installedModules = {};
/******/
/******/ 	// The require function
/******/ 	function __webpack_require__(moduleId) {
/******/
/******/ 		// Check if module is in cache
/******/ 		if(installedModules[moduleId]) {
/******/ 			return installedModules[moduleId].exports;
/******/ 		}
/******/ 		// Create a new module (and put it into the cache)
/******/ 		var module = installedModules[moduleId] = {
/******/ 			i: moduleId,
/******/ 			l: false,
/******/ 			exports: {}
/******/ 		};
/******/
/******/ 		// Execute the module function
/******/ 		modules[moduleId].call(module.exports, module, module.exports, __webpack_require__);
/******/
/******/ 		// Flag the module as loaded
/******/ 		module.l = true;
/******/
/******/ 		// Return the exports of the module
/******/ 		return module.exports;
/******/ 	}
/******/
/******/
/******/ 	// expose the modules object (__webpack_modules__)
/******/ 	__webpack_require__.m = modules;
/******/
/******/ 	// expose the module cache
/******/ 	__webpack_require__.c = installedModules;
/******/
/******/ 	// define getter function for harmony exports
/******/ 	__webpack_require__.d = function(exports, name, getter) {
/******/ 		if(!__webpack_require__.o(exports, name)) {
/******/ 			Object.defineProperty(exports, name, {
/******/ 				configurable: false,
/******/ 				enumerable: true,
/******/ 				get: getter
/******/ 			});
/******/ 		}
/******/ 	};
/******/
/******/ 	// define __esModule on exports
/******/ 	__webpack_require__.r = function(exports) {
/******/ 		Object.defineProperty(exports, '__esModule', { value: true });
/******/ 	};
/******/
/******/ 	// getDefaultExport function for compatibility with non-harmony modules
/******/ 	__webpack_require__.n = function(module) {
/******/ 		var getter = module && module.__esModule ?
/******/ 			function getDefault() { return module['default']; } :
/******/ 			function getModuleExports() { return module; };
/******/ 		__webpack_require__.d(getter, 'a', getter);
/******/ 		return getter;
/******/ 	};
/******/
/******/ 	// Object.prototype.hasOwnProperty.call
/******/ 	__webpack_require__.o = function(object, property) { return Object.prototype.hasOwnProperty.call(object, property); };
/******/
/******/ 	// __webpack_public_path__
/******/ 	__webpack_require__.p = \\"\\";
/******/
/******/
/******/ 	// Load entry module and return exports
/******/ 	return __webpack_require__(__webpack_require__.s = \\"./test/fixtures/use-schema/index.js\\");
/******/ })
/************************************************************************/
/******/ ({

/***/ \\"./test/fixtures/use-schema/index.js\\":
/*!*******************************************!*\\\\
  !*** ./test/fixtures/use-schema/index.js ***!
  \\\\*******************************************/
/*! no exports provided */
/***/ (function(module, __webpack_exports__, __webpack_require__) {

\\"use strict\\";
__webpack_require__.r(__webpack_exports__);
/* harmony import */ var _query_gql__WEBPACK_IMPORTED_MODULE_0__ = __webpack_require__(/*! ./query.gql */ \\"./test/fixtures/use-schema/query.gql\\");
var _query_gql__WEBPACK_IMPORTED_MODULE_0___namespace = /*#__PURE__*/Object.assign({}, _query_gql__WEBPACK_IMPORTED_MODULE_0__, {\\"default\\": _query_gql__WEBPACK_IMPORTED_MODULE_0__});



/***/ }),

/***/ \\"./test/fixtures/use-schema/query.gql\\":
/*!********************************************!*\\\\
  !*** ./test/fixtures/use-schema/query.gql ***!
  \\\\********************************************/
/*! exports provided: hello, default */
/***/ (function(module) {

module.exports = {\\"hello\\":\\"hello egoist hmm\\"};

/***/ })

/******/ });"
`;
